
> pre-voice-agent-frontend@0.1.0 build
> next build

  Γû▓ Next.js 14.2.3

   Creating an optimized production build ...
 Γ£ô Compiled successfully
   Linting and checking validity of types ...
node.exe : Failed to compile.
At C:\Program Files\nodejs\npm.ps1:29 
char:3
+   & $NODE_EXE $NPM_CLI_JS $args
+   ~~~~~~~~~~~~~~~~~~~~~~~~~~~~~
    + CategoryInfo          : NotSpec 
   ified: (Failed to compile.:String  
  ) [], RemoteException
    + FullyQualifiedErrorId : NativeC 
   ommandError
 

./multimodal-live/audio-orb/analyser.t
s:22:40
Type error: Argument of type 
'Uint8Array<ArrayBufferLike>' is not 
assignable to parameter of type 
'Uint8Array<ArrayBuffer>'.
  Type 'ArrayBufferLike' is not 
assignable to type 'ArrayBuffer'.
    Type 'SharedArrayBuffer' is 
missing the following properties from 
type 'ArrayBuffer': resizable, 
resize, detached, transfer, 
transferToFixedLength

[0m [90m 20 |[39m[0m
[0m [90m 21 |[39m   update() {[0m
[0m[31m[1m>[22m[39m[90m 22 
|[39m     [36mthis[39m[33m.[39man
alyser[33m.[39mgetByteFrequencyData(
[36mthis[39m[33m.[39mdataArray)[3
3m;[39m[0m
[0m [90m    |[39m                  
                      
[31m[1m^[22m[39m[0m
[0m [90m 23 |[39m   }[0m
[0m [90m 24 |[39m[0m
[0m [90m 25 |[39m   [36mget[39m 
data() {[0m
